[12-May-2026 11:09:02 UTC] PHP Notice:  Function map_meta_cap was called <strong>incorrectly</strong>. The post type <code>travel</code> is not registered, so it may not be reliable to check the capability <code>read_post</code> against a post of that type. Please see <a href="https://developer.wordpress.org/advanced-administration/debug/debug-wordpress/">Debugging in WordPress</a> for more information. (This message was added in version 4.4.0.) in /opt/lampp/htdocs/wordpress/wp-includes/functions.php on line 6131
[12-May-2026 11:09:02 UTC] PHP Notice:  Function map_meta_cap was called <strong>incorrectly</strong>. The post type <code>travel</code> is not registered, so it may not be reliable to check the capability <code>read_post</code> against a post of that type. Please see <a href="https://developer.wordpress.org/advanced-administration/debug/debug-wordpress/">Debugging in WordPress</a> for more information. (This message was added in version 4.4.0.) in /opt/lampp/htdocs/wordpress/wp-includes/functions.php on line 6131
[12-May-2026 11:09:02 UTC] PHP Notice:  Function map_meta_cap was called <strong>incorrectly</strong>. The post type <code>travel</code> is not registered, so it may not be reliable to check the capability <code>read_post</code> against a post of that type. Please see <a href="https://developer.wordpress.org/advanced-administration/debug/debug-wordpress/">Debugging in WordPress</a> for more information. (This message was added in version 4.4.0.) in /opt/lampp/htdocs/wordpress/wp-includes/functions.php on line 6131
[12-May-2026 11:16:11 UTC] Automatic updates starting...
[12-May-2026 11:16:11 UTC] Automatic updates complete.
[12-May-2026 11:16:21 UTC] PHP Notice:  Function map_meta_cap was called <strong>incorrectly</strong>. The post type <code>travel</code> is not registered, so it may not be reliable to check the capability <code>read_post</code> against a post of that type. Please see <a href="https://developer.wordpress.org/advanced-administration/debug/debug-wordpress/">Debugging in WordPress</a> for more information. (This message was added in version 4.4.0.) in /opt/lampp/htdocs/wordpress/wp-includes/functions.php on line 6131
[12-May-2026 11:16:21 UTC] PHP Notice:  Function map_meta_cap was called <strong>incorrectly</strong>. The post type <code>travel</code> is not registered, so it may not be reliable to check the capability <code>read_post</code> against a post of that type. Please see <a href="https://developer.wordpress.org/advanced-administration/debug/debug-wordpress/">Debugging in WordPress</a> for more information. (This message was added in version 4.4.0.) in /opt/lampp/htdocs/wordpress/wp-includes/functions.php on line 6131
[12-May-2026 11:16:21 UTC] PHP Notice:  Function map_meta_cap was called <strong>incorrectly</strong>. The post type <code>travel</code> is not registered, so it may not be reliable to check the capability <code>read_post</code> against a post of that type. Please see <a href="https://developer.wordpress.org/advanced-administration/debug/debug-wordpress/">Debugging in WordPress</a> for more information. (This message was added in version 4.4.0.) in /opt/lampp/htdocs/wordpress/wp-includes/functions.php on line 6131
[12-May-2026 11:36:14 UTC] PHP Notice:  Function map_meta_cap was called <strong>incorrectly</strong>. The post type <code>travel</code> is not registered, so it may not be reliable to check the capability <code>read_post</code> against a post of that type. Please see <a href="https://developer.wordpress.org/advanced-administration/debug/debug-wordpress/">Debugging in WordPress</a> for more information. (This message was added in version 4.4.0.) in /opt/lampp/htdocs/wordpress/wp-includes/functions.php on line 6131
[12-May-2026 11:36:14 UTC] PHP Notice:  Function map_meta_cap was called <strong>incorrectly</strong>. The post type <code>travel</code> is not registered, so it may not be reliable to check the capability <code>read_post</code> against a post of that type. Please see <a href="https://developer.wordpress.org/advanced-administration/debug/debug-wordpress/">Debugging in WordPress</a> for more information. (This message was added in version 4.4.0.) in /opt/lampp/htdocs/wordpress/wp-includes/functions.php on line 6131
[12-May-2026 11:36:14 UTC] PHP Notice:  Function map_meta_cap was called <strong>incorrectly</strong>. The post type <code>travel</code> is not registered, so it may not be reliable to check the capability <code>read_post</code> against a post of that type. Please see <a href="https://developer.wordpress.org/advanced-administration/debug/debug-wordpress/">Debugging in WordPress</a> for more information. (This message was added in version 4.4.0.) in /opt/lampp/htdocs/wordpress/wp-includes/functions.php on line 6131
[12-May-2026 12:28:41 UTC] PHP Fatal error:  Uncaught Error: Call to undefined function the_image() in /opt/lampp/htdocs/wordpress/wp-content/themes/hello-elementor-child/template-parts/newpade.php:24
Stack trace:
#0 /opt/lampp/htdocs/wordpress/wp-includes/template-loader.php(132): include()
#1 /opt/lampp/htdocs/wordpress/wp-blog-header.php(19): require_once('/opt/lampp/htdo...')
#2 /opt/lampp/htdocs/wordpress/index.php(17): require('/opt/lampp/htdo...')
#3 {main}
  thrown in /opt/lampp/htdocs/wordpress/wp-content/themes/hello-elementor-child/template-parts/newpade.php on line 24
[12-May-2026 12:29:00 UTC] PHP Fatal error:  Uncaught Error: Call to undefined function the_image() in /opt/lampp/htdocs/wordpress/wp-content/themes/hello-elementor-child/template-parts/newpade.php:24
Stack trace:
#0 /opt/lampp/htdocs/wordpress/wp-includes/template-loader.php(132): include()
#1 /opt/lampp/htdocs/wordpress/wp-blog-header.php(19): require_once('/opt/lampp/htdo...')
#2 /opt/lampp/htdocs/wordpress/index.php(17): require('/opt/lampp/htdo...')
#3 {main}
  thrown in /opt/lampp/htdocs/wordpress/wp-content/themes/hello-elementor-child/template-parts/newpade.php on line 24
[12-May-2026 12:29:23 UTC] PHP Fatal error:  Uncaught Error: Call to undefined function the_image() in /opt/lampp/htdocs/wordpress/wp-content/themes/hello-elementor-child/template-parts/newpade.php:24
Stack trace:
#0 /opt/lampp/htdocs/wordpress/wp-includes/template-loader.php(132): include()
#1 /opt/lampp/htdocs/wordpress/wp-blog-header.php(19): require_once('/opt/lampp/htdo...')
#2 /opt/lampp/htdocs/wordpress/index.php(17): require('/opt/lampp/htdo...')
#3 {main}
  thrown in /opt/lampp/htdocs/wordpress/wp-content/themes/hello-elementor-child/template-parts/newpade.php on line 24
[12-May-2026 12:29:33 UTC] PHP Fatal error:  Uncaught Error: Call to undefined function the_image() in /opt/lampp/htdocs/wordpress/wp-content/themes/hello-elementor-child/template-parts/newpade.php:24
Stack trace:
#0 /opt/lampp/htdocs/wordpress/wp-includes/template-loader.php(132): include()
#1 /opt/lampp/htdocs/wordpress/wp-blog-header.php(19): require_once('/opt/lampp/htdo...')
#2 /opt/lampp/htdocs/wordpress/index.php(17): require('/opt/lampp/htdo...')
#3 {main}
  thrown in /opt/lampp/htdocs/wordpress/wp-content/themes/hello-elementor-child/template-parts/newpade.php on line 24
[12-May-2026 12:29:35 UTC] PHP Fatal error:  Uncaught Error: Call to undefined function the_image() in /opt/lampp/htdocs/wordpress/wp-content/themes/hello-elementor-child/template-parts/newpade.php:24
Stack trace:
#0 /opt/lampp/htdocs/wordpress/wp-includes/template-loader.php(132): include()
#1 /opt/lampp/htdocs/wordpress/wp-blog-header.php(19): require_once('/opt/lampp/htdo...')
#2 /opt/lampp/htdocs/wordpress/index.php(17): require('/opt/lampp/htdo...')
#3 {main}
  thrown in /opt/lampp/htdocs/wordpress/wp-content/themes/hello-elementor-child/template-parts/newpade.php on line 24
[12-May-2026 12:29:41 UTC] PHP Fatal error:  Uncaught Error: Call to undefined function the_image() in /opt/lampp/htdocs/wordpress/wp-content/themes/hello-elementor-child/template-parts/newpade.php:24
Stack trace:
#0 /opt/lampp/htdocs/wordpress/wp-includes/template-loader.php(132): include()
#1 /opt/lampp/htdocs/wordpress/wp-blog-header.php(19): require_once('/opt/lampp/htdo...')
#2 /opt/lampp/htdocs/wordpress/index.php(17): require('/opt/lampp/htdo...')
#3 {main}
  thrown in /opt/lampp/htdocs/wordpress/wp-content/themes/hello-elementor-child/template-parts/newpade.php on line 24
[12-May-2026 12:57:06 UTC] PHP Fatal error:  Uncaught Error: Call to undefined function the_image() in /opt/lampp/htdocs/wordpress/wp-content/themes/hello-elementor-child/template-parts/newpade.php:24
Stack trace:
#0 /opt/lampp/htdocs/wordpress/wp-includes/template-loader.php(132): include()
#1 /opt/lampp/htdocs/wordpress/wp-blog-header.php(19): require_once('/opt/lampp/htdo...')
#2 /opt/lampp/htdocs/wordpress/index.php(17): require('/opt/lampp/htdo...')
#3 {main}
  thrown in /opt/lampp/htdocs/wordpress/wp-content/themes/hello-elementor-child/template-parts/newpade.php on line 24
[12-May-2026 13:58:38 UTC] PHP Notice:  Function map_meta_cap was called <strong>incorrectly</strong>. The post type <code>travel</code> is not registered, so it may not be reliable to check the capability <code>read_post</code> against a post of that type. Please see <a href="https://developer.wordpress.org/advanced-administration/debug/debug-wordpress/">Debugging in WordPress</a> for more information. (This message was added in version 4.4.0.) in /opt/lampp/htdocs/wordpress/wp-includes/functions.php on line 6131
[12-May-2026 13:58:38 UTC] PHP Notice:  Function map_meta_cap was called <strong>incorrectly</strong>. The post type <code>travel</code> is not registered, so it may not be reliable to check the capability <code>read_post</code> against a post of that type. Please see <a href="https://developer.wordpress.org/advanced-administration/debug/debug-wordpress/">Debugging in WordPress</a> for more information. (This message was added in version 4.4.0.) in /opt/lampp/htdocs/wordpress/wp-includes/functions.php on line 6131
[12-May-2026 13:58:38 UTC] PHP Notice:  Function map_meta_cap was called <strong>incorrectly</strong>. The post type <code>travel</code> is not registered, so it may not be reliable to check the capability <code>read_post</code> against a post of that type. Please see <a href="https://developer.wordpress.org/advanced-administration/debug/debug-wordpress/">Debugging in WordPress</a> for more information. (This message was added in version 4.4.0.) in /opt/lampp/htdocs/wordpress/wp-includes/functions.php on line 6131
[12-May-2026 13:58:45 UTC] PHP Notice:  Function map_meta_cap was called <strong>incorrectly</strong>. The post type <code>travel</code> is not registered, so it may not be reliable to check the capability <code>read_post</code> against a post of that type. Please see <a href="https://developer.wordpress.org/advanced-administration/debug/debug-wordpress/">Debugging in WordPress</a> for more information. (This message was added in version 4.4.0.) in /opt/lampp/htdocs/wordpress/wp-includes/functions.php on line 6131
[12-May-2026 13:58:45 UTC] PHP Notice:  Function map_meta_cap was called <strong>incorrectly</strong>. The post type <code>travel</code> is not registered, so it may not be reliable to check the capability <code>read_post</code> against a post of that type. Please see <a href="https://developer.wordpress.org/advanced-administration/debug/debug-wordpress/">Debugging in WordPress</a> for more information. (This message was added in version 4.4.0.) in /opt/lampp/htdocs/wordpress/wp-includes/functions.php on line 6131
[12-May-2026 13:58:45 UTC] PHP Notice:  Function map_meta_cap was called <strong>incorrectly</strong>. The post type <code>travel</code> is not registered, so it may not be reliable to check the capability <code>read_post</code> against a post of that type. Please see <a href="https://developer.wordpress.org/advanced-administration/debug/debug-wordpress/">Debugging in WordPress</a> for more information. (This message was added in version 4.4.0.) in /opt/lampp/htdocs/wordpress/wp-includes/functions.php on line 6131
[12-May-2026 13:59:35 UTC] PHP Notice:  Function map_meta_cap was called <strong>incorrectly</strong>. The post type <code>travel</code> is not registered, so it may not be reliable to check the capability <code>read_post</code> against a post of that type. Please see <a href="https://developer.wordpress.org/advanced-administration/debug/debug-wordpress/">Debugging in WordPress</a> for more information. (This message was added in version 4.4.0.) in /opt/lampp/htdocs/wordpress/wp-includes/functions.php on line 6131
[12-May-2026 13:59:35 UTC] PHP Notice:  Function map_meta_cap was called <strong>incorrectly</strong>. The post type <code>travel</code> is not registered, so it may not be reliable to check the capability <code>read_post</code> against a post of that type. Please see <a href="https://developer.wordpress.org/advanced-administration/debug/debug-wordpress/">Debugging in WordPress</a> for more information. (This message was added in version 4.4.0.) in /opt/lampp/htdocs/wordpress/wp-includes/functions.php on line 6131
[12-May-2026 13:59:35 UTC] PHP Notice:  Function map_meta_cap was called <strong>incorrectly</strong>. The post type <code>travel</code> is not registered, so it may not be reliable to check the capability <code>read_post</code> against a post of that type. Please see <a href="https://developer.wordpress.org/advanced-administration/debug/debug-wordpress/">Debugging in WordPress</a> for more information. (This message was added in version 4.4.0.) in /opt/lampp/htdocs/wordpress/wp-includes/functions.php on line 6131
[12-May-2026 13:59:43 UTC] PHP Notice:  Function map_meta_cap was called <strong>incorrectly</strong>. The post type <code>travel</code> is not registered, so it may not be reliable to check the capability <code>read_post</code> against a post of that type. Please see <a href="https://developer.wordpress.org/advanced-administration/debug/debug-wordpress/">Debugging in WordPress</a> for more information. (This message was added in version 4.4.0.) in /opt/lampp/htdocs/wordpress/wp-includes/functions.php on line 6131
[12-May-2026 13:59:43 UTC] PHP Notice:  Function map_meta_cap was called <strong>incorrectly</strong>. The post type <code>travel</code> is not registered, so it may not be reliable to check the capability <code>read_post</code> against a post of that type. Please see <a href="https://developer.wordpress.org/advanced-administration/debug/debug-wordpress/">Debugging in WordPress</a> for more information. (This message was added in version 4.4.0.) in /opt/lampp/htdocs/wordpress/wp-includes/functions.php on line 6131
[12-May-2026 13:59:43 UTC] PHP Notice:  Function map_meta_cap was called <strong>incorrectly</strong>. The post type <code>travel</code> is not registered, so it may not be reliable to check the capability <code>read_post</code> against a post of that type. Please see <a href="https://developer.wordpress.org/advanced-administration/debug/debug-wordpress/">Debugging in WordPress</a> for more information. (This message was added in version 4.4.0.) in /opt/lampp/htdocs/wordpress/wp-includes/functions.php on line 6131
[13-May-2026 03:52:12 UTC] PHP Warning:  wp_version_check(): An unexpected error occurred. Something may be wrong with WordPress.org or this server&#8217;s configuration. If you continue to have problems, please try the <a href="https://wordpress.org/support/forums/">support forums</a>. (WordPress could not establish a secure connection to WordPress.org. Please contact your server administrator.) in /opt/lampp/htdocs/wordpress/wp-includes/functions.php on line 6131
[13-May-2026 03:52:12 UTC] PHP Warning:  wp_update_plugins(): An unexpected error occurred. Something may be wrong with WordPress.org or this server&#8217;s configuration. If you continue to have problems, please try the <a href="https://wordpress.org/support/forums/">support forums</a>. (WordPress could not establish a secure connection to WordPress.org. Please contact your server administrator.) in /opt/lampp/htdocs/wordpress/wp-includes/functions.php on line 6131
[13-May-2026 03:52:12 UTC] PHP Warning:  wp_update_themes(): An unexpected error occurred. Something may be wrong with WordPress.org or this server&#8217;s configuration. If you continue to have problems, please try the <a href="https://wordpress.org/support/forums/">support forums</a>. (WordPress could not establish a secure connection to WordPress.org. Please contact your server administrator.) in /opt/lampp/htdocs/wordpress/wp-includes/functions.php on line 6131
[13-May-2026 11:17:42 UTC] Automatic updates starting...
[13-May-2026 11:17:44 UTC]   Automatic plugin updates starting...
[13-May-2026 11:17:44 UTC]   Automatic plugin updates complete.
[13-May-2026 11:17:46 UTC] Automatic updates complete.
[15-May-2026 09:13:17 UTC] PHP Warning:  wp_update_plugins(): An unexpected error occurred. Something may be wrong with WordPress.org or this server&#8217;s configuration. If you continue to have problems, please try the <a href="https://wordpress.org/support/forums/">support forums</a>. (WordPress could not establish a secure connection to WordPress.org. Please contact your server administrator.) in /opt/lampp/htdocs/wordpress/wp-includes/functions.php on line 6131
[15-May-2026 09:13:17 UTC] PHP Warning:  wp_update_themes(): An unexpected error occurred. Something may be wrong with WordPress.org or this server&#8217;s configuration. If you continue to have problems, please try the <a href="https://wordpress.org/support/forums/">support forums</a>. (WordPress could not establish a secure connection to WordPress.org. Please contact your server administrator.) in /opt/lampp/htdocs/wordpress/wp-includes/functions.php on line 6131
[15-May-2026 09:13:17 UTC] PHP Warning:  wp_version_check(): An unexpected error occurred. Something may be wrong with WordPress.org or this server&#8217;s configuration. If you continue to have problems, please try the <a href="https://wordpress.org/support/forums/">support forums</a>. (WordPress could not establish a secure connection to WordPress.org. Please contact your server administrator.) in /opt/lampp/htdocs/wordpress/wp-includes/functions.php on line 6131
[15-May-2026 09:13:17 UTC] PHP Warning:  get_core_checksums(): An unexpected error occurred. Something may be wrong with WordPress.org or this server&#8217;s configuration. If you continue to have problems, please try the <a href="https://wordpress.org/support/forums/">support forums</a>. (WordPress could not establish a secure connection to WordPress.org. Please contact your server administrator.) in /opt/lampp/htdocs/wordpress/wp-includes/functions.php on line 6131
[15-May-2026 09:13:17 UTC] PHP Deprecated:  Automatic conversion of false to array is deprecated in /opt/lampp/htdocs/wordpress/wp-content/plugins/elementor/includes/api.php on line 176
[15-May-2026 09:13:18 UTC] PHP Deprecated:  Automatic conversion of false to array is deprecated in /opt/lampp/htdocs/wordpress/wp-content/plugins/elementor/includes/api.php on line 176
[15-May-2026 09:13:18 UTC] PHP Deprecated:  Automatic conversion of false to array is deprecated in /opt/lampp/htdocs/wordpress/wp-content/plugins/elementor/includes/api.php on line 176
[15-May-2026 09:13:19 UTC] PHP Deprecated:  Automatic conversion of false to array is deprecated in /opt/lampp/htdocs/wordpress/wp-content/plugins/elementor/includes/api.php on line 176
[15-May-2026 09:13:19 UTC] PHP Deprecated:  Automatic conversion of false to array is deprecated in /opt/lampp/htdocs/wordpress/wp-content/plugins/elementor/includes/api.php on line 176
[18-May-2026 05:24:58 UTC] PHP Warning:  wp_version_check(): An unexpected error occurred. Something may be wrong with WordPress.org or this server&#8217;s configuration. If you continue to have problems, please try the <a href="https://wordpress.org/support/forums/">support forums</a>. (WordPress could not establish a secure connection to WordPress.org. Please contact your server administrator.) in /opt/lampp/htdocs/wordpress/wp-includes/functions.php on line 6131
[18-May-2026 05:25:01 UTC] PHP Warning:  wp_update_plugins(): An unexpected error occurred. Something may be wrong with WordPress.org or this server&#8217;s configuration. If you continue to have problems, please try the <a href="https://wordpress.org/support/forums/">support forums</a>. (WordPress could not establish a secure connection to WordPress.org. Please contact your server administrator.) in /opt/lampp/htdocs/wordpress/wp-includes/functions.php on line 6131
[18-May-2026 05:25:04 UTC] Automatic updates starting...
[18-May-2026 05:25:04 UTC]   Automatic plugin updates starting...
[18-May-2026 05:25:04 UTC]   Automatic plugin updates complete.
[18-May-2026 05:25:04 UTC] Automatic updates complete.
[18-May-2026 05:48:10 UTC] PHP Warning:  wp_version_check(): An unexpected error occurred. Something may be wrong with WordPress.org or this server&#8217;s configuration. If you continue to have problems, please try the <a href="https://wordpress.org/support/forums/">support forums</a>. (WordPress could not establish a secure connection to WordPress.org. Please contact your server administrator.) in /opt/lampp/htdocs/wordpress/wp-includes/functions.php on line 6131
[18-May-2026 07:20:48 UTC] PHP Warning:  wp_update_plugins(): An unexpected error occurred. Something may be wrong with WordPress.org or this server&#8217;s configuration. If you continue to have problems, please try the <a href="https://wordpress.org/support/forums/">support forums</a>. (WordPress could not establish a secure connection to WordPress.org. Please contact your server administrator.) in /opt/lampp/htdocs/wordpress/wp-includes/functions.php on line 6131
